f:\server\kbe\src\lib\python\pcbuild\obj\312amd64_release\pyexpat\xmlparse.obj
f:\server\kbe\src\lib\python\pcbuild\obj\312amd64_release\pyexpat\xmlrole.obj
f:\server\kbe\src\lib\python\pcbuild\obj\312amd64_release\pyexpat\xmltok.obj
f:\server\kbe\src\lib\python\pcbuild\obj\312amd64_release\pyexpat\pyexpat.obj
f:\server\kbe\src\lib\python\pcbuild\obj\312amd64_release\pyexpat\vc143.pdb
f:\server\kbe\src\lib\python\pcbuild\amd64\pyexpat.pyd
f:\server\kbe\src\lib\python\pcbuild\amd64\pyexpat.pdb
f:\server\kbe\src\lib\python\pcbuild\obj\312amd64_release\pyexpat\python_nt.res
f:\server\kbe\src\lib\python\pcbuild\amd64\pyexpat.lib
f:\server\kbe\src\lib\python\pcbuild\amd64\pyexpat.exp
f:\server\kbe\src\lib\python\pcbuild\obj\312amd64_release\pyexpat\pyexpat.iobj
f:\server\kbe\src\lib\python\pcbuild\obj\312amd64_release\pyexpat\pyexpat.vcxproj.filelistabsolute.txt
f:\server\kbe\src\lib\python\pcbuild\obj\312amd64_release\pyexpat\pyexpat.tlog\cl.29092.write.1.tlog
f:\server\kbe\src\lib\python\pcbuild\obj\312amd64_release\pyexpat\pyexpat.tlog\cl.command.1.tlog
f:\server\kbe\src\lib\python\pcbuild\obj\312amd64_release\pyexpat\pyexpat.tlog\cl.items.tlog
f:\server\kbe\src\lib\python\pcbuild\obj\312amd64_release\pyexpat\pyexpat.tlog\cl.read.1.tlog
f:\server\kbe\src\lib\python\pcbuild\obj\312amd64_release\pyexpat\pyexpat.tlog\link.command.1.tlog
f:\server\kbe\src\lib\python\pcbuild\obj\312amd64_release\pyexpat\pyexpat.tlog\link.read.1.tlog
f:\server\kbe\src\lib\python\pcbuild\obj\312amd64_release\pyexpat\pyexpat.tlog\link.secondary.1.tlog
f:\server\kbe\src\lib\python\pcbuild\obj\312amd64_release\pyexpat\pyexpat.tlog\link.write.1.tlog
f:\server\kbe\src\lib\python\pcbuild\obj\312amd64_release\pyexpat\pyexpat.tlog\rc.command.1.tlog
f:\server\kbe\src\lib\python\pcbuild\obj\312amd64_release\pyexpat\pyexpat.tlog\rc.read.1.tlog
f:\server\kbe\src\lib\python\pcbuild\obj\312amd64_release\pyexpat\pyexpat.tlog\rc.write.1.tlog
